aa.................................................................................................................................................................................................................................................................................................................................................................aa
aa.................................................................................................................................................................................................................................................................................................................................................................aa
aa.................................................................................................................................................................................................................................................................................................................................................................aa
aa.................................................................................................................................................................................................................................................................................................................................................................aa
aa............................................................................................................................................................................................................................................................................................................................jjjjjj...............................aa
aa............................................................................................................................................................................................................................................................................................B...A.........C|...............................................|..#..aa
aa...............................................................................................................................................................................................................................................................|ggggggggg..............|...hgggggggggggggggg............................................A..ggggggaa
aa..........................................................................................................................................................jjj...............................................................................................A.gggggggggggghhh.B......B.hhhhgggggggggggggggggg...........................................gggggggggaa
aa............................................................................................................................................................................................................................................................ggggggggggggggghhhhhhhhhhhhhhhgggggggggggggggggggg....................................A..ggggggggggggaa
aa...................................................................................................................................................jjj...........jjj......................................................................................gggggggggggggggggghhhhhhhhhhhhhgggggggggggggggggggggg...................................gggggggggggggggaa
aa......................................................................................................................................................................................................................................................C.ggggggggggggggggggggghhhhhhhhhhhhggggggggggggggggggggggg...............................ggggggggggggggggggaa
aa.....................jjjj..................................................................................................................jjjj........................jjjj...........................................................................gggggggggggggggggggggggghhhhhhhhhhhgggggggggggggggggggggggg...........................gggggggggggggggggggggaa
aa....................................................................................................................................................................................................................................................ggggggggggggggggggggggggggghhhhhhhhhgggggggggggggggggggggggggg....................A..ggggggggggggggggggggggggaa
aa..................................................................................................................................................................................................................................................gggggggggggggggggggggggggggggghhhhhhhhgggggggggggggggggggiggggggg...................gggggggggggggggggggggggggggaa
aa.....................................jjjjjj....................................C...C............................................................................................................................................................ggggggggggggggggggggggggggggggggghhhhhhggggggggggggggggggggggggggggg............C....ggggggggggggggggggggggggggggaa
aa...$...@..........A........B|........jjjjjj......B...............|............gggggggg..|.........................................|..........................A...A.................|.........C.....A.....B...A....|...........B.....A....C..|.gggggggggggggggggggggggggggggggggggghhhhggggggggggggggggggggggggggggggg.........gggggggggggggggggggggggggggggggggggaa
aaffffffffffffffffffff......fffffffffffffffffffffff....B...........ffffffffffffffffffffffffffffffffffffffffff..................B...fffffffffffffffffffffffffffffffffffffffffffffffffffffffffffffffffffffffffffffffffffffffffffffffffffffffffffggggggggggggggggggggggggggggggggggggggghhggggggggggggggggggggggggggggggggggggggggggggggggggggggggggggggggggggggggggggaa
aafffffffffffffffffffffffffffffffffffffffffffffffffffff...B....fffffffifffffffffffffffffffffffffffffffffffffff.......A..A..A...ffffffffffffiffffffffffffffffffffffffffffffffffffffffffffffffffffffffffffffffiffffffffffffffffffffffffffffffggggggggggggggggggggggggggggggggggggggggggghggggggggggggggggggggggggggggggggggggggggggggggggggggggggggggggggggggggggggggaa
aaffffffffffffffffffffffffffffffffffffffffffffffffffffffffffffffffffffffffffffffffffffffffffffffffffiffffffffffffffffffffffffffffffffffffffffffffffffffffffffffffffffffffffffffffffffifffffffffffffffffffffffffffffffffffffffffffffffffffggggggggggggggggggggggggggggggggggggggggggggggggggggggggggggggggggggggggggggggggggggggggggggggggggggggggggggggggggggggggggaa
