aa.........................................................................................................................aa
aa.........................................................................................................................aa
aa.........................................................................................................................aa
aa.........................................................................................................................aa
aa.........................................................................................................................aa
aa.........................................................................................................................aa
aa.........................................................................................................................aa
aa.........................................................................................................................aa
aa.........................................................................................................................aa
aa.........................................................................................................................aa
aa..........................................................................................B..............................aa
aa..........................aaaaaaaa...............................................B......aaaa.......A.....................aa
aa...................aaaa.................aaaaaa...............................aaaaaaa............aaaaaaa..................aa
aa.........................................................................................................................aa
aa.........................................................................................................................aa
aa.........................................................................................................................aa
aa...$...@............A....|..............A...A..A...|......aaaaaaaaaaa..................................|..............#..aa
aaaaaaaaaaaaaaaaaaaaaaaaaaaaaaaaaaaaaaaaaaaaaaaaaaaaaaaaaaaaaaaaaaaaaaaaaaaaaaaaaaaaaaaaaaaaaaaaaaaaaaaaaaaaaaaaaaaaaaaaaaaaa
aaaaaaaaaaaaaaaaaaaaaaaaaaaaaaaaaaaaaaaaaaaaaaaaaaaaaaaaaaaaaaaaaaaaaaaaaaaaaaaaaaaaaaaaaaaaaaaaaaaaaaaaaaaaaaaaaaaaaaaaaaaaa
