aa.................................................................................................................................................................................................................................................................................................................................................................aa
aa.................................................................................................................................................................................................................................................................................................................................................................aa
aa.................................................................................................................................................................................................................................................................................................................................................................aa
aa.................................................................................................................................................................................................................................................................................................................................................................aa
aa............................................................................................................................................................................................................................................................................................................................jjjjjj...............................aa
aa............................................................................................................................................................................................................................................................................................B...A.........C|...............................................|..#..aa
aa...............................................................................................................................................................................................................................................................|ggggggggg..............|...hgggggggggggggggg............................................C..ggggggaa
aa..........................................................................................................................................................jjj...............................................................................................C.gggggggggggghhh.B......B.hhhhgggggggggggggggggg...........................................gggggggggaa
aa............................................................................................................................................................................................................................................................ggggggggggggggghhhhhhhhhhhhhhhgggggggggggggggggggg....................................B..ggggggggggggaa
aa...................................................................................................................................................jjj...........jjj......................................................................................gggggggggggggggggghhhhhhhhhhhhhgggggggggggggggggggggg...................................gggggggggggggggaa
aa......................................................................................................................................................................................................................................................C.ggggggggggggggggggggghhhhhhhhhhhhggggggggggggggggggggggg...............................ggggggggggggggggggaa
aa.....................jjjj..................................................................................................................jjjj........................jjjj...........................................................................gggggggggggggggggggggggghhhhhhhhhhhgggggggggggggggggggggggg...........................gggggggggggggggggggggaa
aa....................................................................................................................................................................................................................................................ggggggggggggggggggggggggggghhhhhhhhhgggggggggggggggggggggggggg....................B..ggggggggggggggggggggggggaa
aa..................................................................................................................................................................................................................................................gggggggggggggggggggggggggggggghhhhhhhhgggggggggggggggggggiggggggg...................gggggggggggggggggggggggggggaa
aa.....................................jjjjjj....................................C...C............................................................................................................................................................ggggggggggggggggggggggggggggggggghhhhhhggggggggggggggggggggggggggggg............C..ggggggggggggggggggggggggggggggaa
aa...$...@..........A........B|........jjjjjj......B..............|.............gggggggg..|.........................................|..........................A...A.................|.........C.....A.....B...A....|...........B.....A....C..|.gggggggggggggggggggggggggggggggggggghhhhggggggggggggggggggggggggggggggg.........gggggggggggggggggggggggggggggggggggaa
aaffffffffffffffffffff......ffffffffffffffffffffffffff.B.......ffffffffffffffffffffffffffffffffffffffffffffff..................B...fffffffffffffffffffffffffffffffffffffffffffffffffffffffffffffffffffffffffffffffffffffffffffffffffffffffffffggggggggggggggggggggggggggggggggggggggghhggggggggggggggggggggggggggggggggggggggggggggggggggggggggggggggggggggggggggggaa
aaffffffffffffffffffffffffffffffffffffffffffffffffffffff..B...ffffffffifffffffffffffffffffffffffffffffffffffff.......A..A..A...ffffffffffffiffffffffffffffffffffffffffffffffffffffffffffffffffffffffffffffffiffffffffffffffffffffffffffffffggggggggggggggggggggggggggggggggggggggggggghggggggggggggggggggggggggggggggggggggggggggggggggggggggggggggggggggggggggggggaa
aaffffffffffffffffffffffffffffffffffffffffffffffffffffffffffffffffffffffffffffffffffffffffffffffffffiffffffffffffffffffffffffffffffffffffffffffffffffffffffffffffffffffffffffffffffffifffffffffffffffffffffffffffffffffffffffffffffffffffggggggggggggggggggggggggggggggggggggggggggggggggggggggggggggggggggggggggggggggggggggggggggggggggggggggggggggggggggggggggggaa
