aa.........................................................................................................................aa
aa.........................................................................................................................aa
aa.........................................................................................................................aa
aa.........................................................................................................................aa
aa.........................................................................................................................aa
aa.........................................................................................................................aa
aa.........................................................................................................................aa
aa.........................................................................................................................aa
aa.........................................................................................................................aa
aa...........................aaaaaaa.......................................................................................aa
aa.........................................................................................A...............................aa
aa........................................................................................aaaa.....A.......................aa
aa....................aaaa...................aaaaaa............................aaaaaaa............aaaaa....................aa
aa.........................................................................................................................aa
aa.........................................................................................................................aa
aa.........................................................................................................................aa
aa...$...@............A....|..............A...A..A...|...........aa...................A........A.........|.............#...aa
aaaaaaaaaaaaaaaaaaaaaaaaaaaaaaaaaaaaaaaaaaaaaaaaaaaaaaaaaaaaaaaaaaaaaaaaaaaaaaaaaaaaaaaaaaaaaaaaaaaaaaaaaaaaaaaaaaaaaaaaaaaaa
aaaaaaaaaaaaaaaaaaaaaaaaaaaaaaaaaaaaaaaaaaaaaaaaaaaaaaaaaaaaaaaaaaaaaaaaaaaaaaaaaaaaaaaaaaaaaaaaaaaaaaaaaaaaaaaaaaaaaaaaaaaaa
