aa.................................................................................................................................................................................................................................................................................................................................................................aa
aa.................................................................................................................................................................................................................................................................................................................................................................aa
aa.................................................................................................................................................................................................................................................................................................................................................................aa
aa.................................................................................................................................................................................................................................................................................................................................................................aa
aa.................................................................................................................................................................................................................................................................................................................................................................aa
aa............................................................................................................................................................................................................................................................................................B...A...C...C..|...............................................|..#..aa
aa...............................................................................................................................................................................................................................................................|aaaaaaaaa..............|...aaaaaaaaaaaaaaaaa............................................C..aaaaaaaa
aa..........................................................................................................................................................aaa...............................................................................................C.aaaaaaaaaaaaaaa.B......B.aaaaaaaaaaaaaaaaaaaaaa...........................................aaaaaaaaaaa
aa............................................................................................................................................................................................................................................................aaaaaaaaaaaaaaaaaaaa..B.aaaaaaaaaaaaaaaaaaaaaaaaaa....................................B..aaaaaaaaaaaaaa
aa...................................................................................................................................................aaa...........aaa......................................................................................aaaaaaaaaaaaaaaaaaaaaaaaaaaaaaaaaaaaaaaaaaaaaaaaaaaaa...................................aaaaaaaaaaaaaaaaa
aa......................................................................................................................................................................................................................................................C.aaaaaaaaaaaaaaaaaaaaaaaaaaaaaaaaaaaaaaaaaaaaaaaaaaaaaaaa...............................aaaaaaaaaaaaaaaaaaaa
aa...........................................................................................................................................aaaa........................aaaa...........................................................................aaaaaaaaaaaaaaaaaaaaaaaaaaaaaaaaaaaaaaaaaaaaaaaaaaaaaaaaaaa...........................aaaaaaaaaaaaaaaaaaaaaaa
aa....................................................................................................................................................................................................................................................aaaaaaaaaaaaaaaaaaaaaaaaaaaaaaaaaaaaaaaaaaaaaaaaaaaaaaaaaaaaaa....................B..aaaaaaaaaaaaaaaaaaaaaaaaaa
aa..................................................................................................................................................................................................................................................aaaaaaaaaaaaaaaaaaaaaaaaaaaaaaaaaaaaaaaaaaaaaaaaaaaaaaaaaaaaaaaaa...................aaaaaaaaaaaaaaaaaaaaaaaaaaaaa
aa...............................................................................C...C............................................................................................................................................................aaaaaaaaaaaaaaaaaaaaaaaaaaaaaaaaaaaaaaaaaaaaaaaaaaaaaaaaaaaaaaaaaaaa............C..aaaaaaaaaaaaaaaaaaaaaaaaaaaaaaaa
aa...$...@...........A......B.|....................B...........|................aaaaaaaa..|.........................................|..........................A...A.................|.........C.....A.....B...A....|...........B.....A....C..|.aaaaaaaaaaaaaaaaaaaaaaaaaaaaaaaaaaaaaaaaaaaaaaaaaaaaaaaaaaaaaaaaaaaaaaa.........aaaaaaaaaaaaaaaaaaaaaaaaaaaaaaaaaaaaa
aaaaaaaaaaaaaaaaaaaaaaa....aaaaaaaaaaaaaaaaaaaaaaaaaaa.B.......aaaaaaaaaaaaaaaaaaaaaaaaaaaaaaaaaaaaaaaaaaaaaa..................B...aaaaaaaaaaaaaaaaaaaaaaaaaaaaaaaaaaaaaaaaaaaaaaaaaaaaaaaaaaaaaaaaaaaaaaaaaaaaaaaaaaaaaaaaaaaaaaaaaaaaaaaaaaaaaaaaaaaaaaaaaaaaaaaaaaaaaaaaaaaaaaaaaaaaaaaaaaaaaaaaaaaaaaaaaaaaaaaaaaaaaaaaaaaaaaaaaaaaaaaaaaaaaaaaaaaaaaaaaaaaaaaaaa
aaaaaaaaaaaaaaaaaaaaaaaaaaaaaaaaaaaaaaaaaaaaaaaaaaaaaaaa..B...aaaaaaaaaaaaaaaaaaaaaaaaaaaaaaaaaaaaaaaaaaaaaaaa.......A..A..A...aaaaaaaaaaaaaaaaaaaaaaaaaaaaaaaaaaaaaaaaaaaaaaaaaaaaaaaaaaaaaaaaaaaaaaaaaaaaaaaaaaaaaaaaaaaaaaaaaaaaaaaaaaaaaaaaaaaaaaaaaaaaaaaaaaaaaaaaaaaaaaaaaaaaaaaaaaaaaaaaaaaaaaaaaaaaaaaaaaaaaaaaaaaaaaaaaaaaaaaaaaaaaaaaaaaaaaaaaaaaaaaaaaaaaa
aaaaaaaaaaaaaaaaaaaaaaaaaaaaaaaaaaaaaaaaaaaaaaaaaaaaaaaaaaaaaaaaaaaaaaaaaaaaaaaaaaaaaaaaaaaaaaaaaaaaaaaaaaaaaaaaaaaaaaaaaaaaaaaaaaaaaaaaaaaaaaaaaaaaaaaaaaaaaaaaaaaaaaaaaaaaaaaaaaaaaaaaaaaaaaaaaaaaaaaaaaaaaaaaaaaaaaaaaaaaaaaaaaaaaaaaaaaaaaaaaaaaaaaaaaaaaaaaaaaaaaaaaaaaaaaaaaaaaaaaaaaaaaaaaaaaaaaaaaaaaaaaaaaaaaaaaaaaaaaaaaaaaaaaaaaaaaaaaaaaaaaaaaaaaaaaaaaaa
