cd.........................................................................................................................cd
cd.........................................................................................................................cd
cd.........................................................................................................................cd
cd.........................................................................................................................cd
cd.........................................................................................................................cd
cd.........................................................................................................................cd
cd.........................................................................................................................cd
cd.........................................................................................................................cd
cd.........................................................................................................................cd
cd.........................................................................................................................cd
cd..........................................................................................B..............................cd
cd..........................eeeeeeee...............................................B......eeee.......A.....................cd
cd...................eeee.................eeeeee...............................eeeeeee............eeeeeee..................cd
cd.........................................................................................................................cd
cd.........................................................................................................................cd
cd.........................................................................................................................cd
cd...$...@............K....|..............A...A..A...|......eeeeeeeeeee..................................|..............#..cd
cdbbbbbbbbbbbbbbbbbbbbbbbbbbbbbbbbbbbbbbbbbbbbbbbbbbbbbbbbbbbbbbbbbbbbbbbbbbbbbbbbbbbbbbbbbbbbbbbbbbbbbbbbbbbbbbbbbbbbbbbbbcd
cdbbbbbbbbbbbbbbbbbbbbbbbbbbbbbbbbbbbbbbbbbbbbbbbbbbbbbbbbbbbbbbbbbbbbbbbbbbbbbbbbbbbbbbbbbbbbbbbbbbbbbbbbbbbbbbbbbbbbbbbbbcd
